23:55:43 **** Incremental Build of configuration Debug for project TLC5947_Serial_System ****
make -j12 all 
arm-none-eabi-gcc "../Core/Src/main.c" -mcpu=cortex-m4 -std=gnu11 -g3 -DDEBUG -DUSE_HAL_DRIVER -DSTM32F446xx -c -I../Core/Inc -I../Drivers/STM32F4xx_HAL_Driver/Inc -I../Drivers/STM32F4xx_HAL_Driver/Inc/Legacy -I../Drivers/CMSIS/Device/ST/STM32F4xx/Include -I../Drivers/CMSIS/Include -O0 -ffunction-sections -fdata-sections -Wall -fstack-usage -fcyclomatic-complexity -MMD -MP -MF"Core/Src/main.d" -MT"Core/Src/main.o" --specs=nano.specs -mfpu=fpv4-sp-d16 -mfloat-abi=hard -mthumb -o "Core/Src/main.o"
arm-none-eabi-gcc -o "TLC5947_Serial_System.elf" @"objects.list"   -mcpu=cortex-m4 -T"C:\Users\JT\Desktop\Colorwars\TLC5947_Serial_System\STM32F446RETX_FLASH.ld" --specs=nosys.specs -Wl,-Map="TLC5947_Serial_System.map" -Wl,--gc-sections -static --specs=nano.specs -mfpu=fpv4-sp-d16 -mfloat-abi=hard -mthumb -Wl,--start-group -lc -lm -Wl,--end-group
Finished building target: TLC5947_Serial_System.elf
 
arm-none-eabi-size  TLC5947_Serial_System.elf 
arm-none-eabi-objdump -h -S TLC5947_Serial_System.elf  > "TLC5947_Serial_System.list"
   text	   data	    bss	    dec	    hex	filename
  10424	     12	   1732	  12168	   2f88	TLC5947_Serial_System.elf
Finished building: default.size.stdout
 
Finished building: TLC5947_Serial_System.list
 
23:55:44 **** Incremental Build of configuration Debug for project TLC5947_Serial_System ****
make -j12 all 
arm-none-eabi-size  TLC5947_Serial_System.elf 
   text	   data	    bss	    dec	    hex	filename
  10424	     12	   1732	  12168	   2f88	TLC5947_Serial_System.elf
Finished building: default.size.stdout
 
